Component: ARM Compiler 5.06 update 7 (build 960) Tool: armlink [4d3601]

==============================================================================

Section Cross References

    main.o(.text) refers to usart.o(.text) for USART1_Init
    main.o(.text) refers to led.o(.text) for LEDInit
    main.o(.text) refers to shell_port.o(.text) for userShellInit
    main.o(.text) refers to shell.o(.text) for shellTask
    main.o(.text) refers to shell_port.o(.bss) for shell
    system_stm32f10x.o(.text) refers to system_stm32f10x.o(.data) for .data
    startup_stm32f10x_hd.o(RESET) refers to startup_stm32f10x_hd.o(STACK) for __initial_sp
    startup_stm32f10x_hd.o(RESET) refers to startup_stm32f10x_hd.o(.text) for Reset_Handler
    startup_stm32f10x_hd.o(RESET) refers to stm32f10x_it.o(.text) for NMI_Handler
    startup_stm32f10x_hd.o(RESET) refers to usart.o(.text) for USART1_IRQHandler
    startup_stm32f10x_hd.o(.text) refers to system_stm32f10x.o(.text) for SystemInit
    startup_stm32f10x_hd.o(.text) refers to entry.o(.ARM.Collect$$$$00000000) for __main
    stm32f10x_gpio.o(.text) refers to stm32f10x_rcc.o(.text) for RCC_APB2PeriphResetCmd
    stm32f10x_rcc.o(.text) refers to stm32f10x_rcc.o(.data) for .data
    stm32f10x_tim.o(.text) refers to stm32f10x_rcc.o(.text) for RCC_APB2PeriphResetCmd
    stm32f10x_usart.o(.text) refers to stm32f10x_rcc.o(.text) for RCC_APB2PeriphResetCmd
    led.o(.text) refers to system_stm32f10x.o(.text) for SystemInit
    led.o(.text) refers to stm32f10x_rcc.o(.text) for RCC_APB2PeriphClockCmd
    led.o(.text) refers to stm32f10x_gpio.o(.text) for GPIO_Init
    led.o(.text) refers to systick.o(.text) for delay_ms
    led.o(.text) refers to main.o(.data) for g_task_abort
    usart.o(.text) refers to stm32f10x_rcc.o(.text) for RCC_APB2PeriphClockCmd
    usart.o(.text) refers to stm32f10x_gpio.o(.text) for GPIO_Init
    usart.o(.text) refers to stm32f10x_usart.o(.text) for USART_Init
    usart.o(.text) refers to misc.o(.text) for NVIC_Init
    usart.o(.text) refers to usart.o(.data) for .data
    usart.o(.text) refers to usart.o(.bss) for .bss
    usart.o(.text) refers to main.o(.data) for g_task_abort
    shell_ext.o(.text) refers to fflti.o(.text) for __aeabi_i2f
    shell_ext.o(.text) refers to ffltui.o(.text) for __aeabi_ui2f
    shell_ext.o(.text) refers to fdiv.o(.text) for __aeabi_fdiv
    shell_ext.o(.text) refers to fmul.o(.text) for __aeabi_fmul
    shell_ext.o(.text) refers to shell.o(.text) for shellSeekCommand
    shell_ext.o(.text) refers to memseta.o(.text) for __aeabi_memclr4
    shell_port.o(.text) refers to usart.o(.text) for USART1_SendChar
    shell_port.o(.text) refers to shell.o(.text) for shellInit
    shell_port.o(.text) refers to shell_port.o(.bss) for .bss
    cmd_demo.o(.text) refers to printfa.o(i.__0printf) for __2printf
    cmd_demo.o(.text) refers to led.o(.text) for LEDdisplay
    cmd_demo.o(shellCommand) refers to cmd_demo.o(.constdata) for shellCmddemo
    cmd_demo.o(shellCommand) refers to cmd_demo.o(.text) for demo
    cmd_demo.o(shellCommand) refers to cmd_demo.o(.constdata) for shellDescdemo
    cmd_demo.o(shellCommand) refers to cmd_demo.o(.constdata) for shellCmdled
    cmd_demo.o(shellCommand) refers to cmd_demo.o(.constdata) for shellDescled
    cmd_demo.o(shellCommand) refers to cmd_demo.o(.constdata) for shellCmdecho
    cmd_demo.o(shellCommand) refers to cmd_demo.o(.constdata) for shellDescecho
    shell.o(.text) refers to strncmp.o(.text) for strncmp
    shell.o(.text) refers to strcmp.o(.text) for strcmp
    shell.o(.text) refers to strlen.o(.text) for strlen
    shell.o(.text) refers to printfa.o(i.__0vsnprintf) for vsnprintf
    shell.o(.text) refers to shell.o(.data) for .data
    shell.o(.text) refers to shell.o(.bss) for .bss
    shell.o(.text) refers to shell_ext.o(.text) for shellExtRun
    shell.o(.data) refers to shell.o(.conststring) for .conststring
    shell.o(shellCommand) refers to shell.o(.constdata) for shellCmdDefaultUser
    shell.o(shellCommand) refers to shell.o(.constdata) for shellPasswordDefaultUser
    shell.o(shellCommand) refers to shell.o(.constdata) for shellDesDefaultUser
    shell.o(shellCommand) refers to shell.o(.constdata) for shellCmdsetVar
    shell.o(shellCommand) refers to shell.o(.text) for shellSetVar
    shell.o(shellCommand) refers to shell.o(.constdata) for shellDescsetVar
    shell.o(shellCommand) refers to shell.o(.constdata) for shellDesc0x1B5B4100
    shell.o(shellCommand) refers to shell.o(.constdata) for shellDesc0x1B5B4200
    shell.o(shellCommand) refers to shell.o(.constdata) for shellDesc0x1B5B4300
    shell.o(shellCommand) refers to shell.o(.constdata) for shellDesc0x1B5B4400
    shell.o(shellCommand) refers to shell.o(.constdata) for shellDesc0x09000000
    shell.o(shellCommand) refers to shell.o(.constdata) for shellDesc0x08000000
    shell.o(shellCommand) refers to shell.o(.constdata) for shellDesc0x7F000000
[...]
    printf2.o(i.__0vsprintf$2) refers to printf2.o(i._printf_core) for _printf_core
    printf2.o(i.__0vsprintf$2) refers to printf2.o(i._sputc) for _sputc
    printf3.o(i.__0fprintf$3) refers to printf3.o(i._printf_core) for _printf_core
    printf3.o(i.__0fprintf$3) refers to usart.o(.text) for fputc
    printf3.o(i.__0printf$3) refers to printf3.o(i._printf_core) for _printf_core
    printf3.o(i.__0printf$3) refers to usart.o(.text) for fputc
    printf3.o(i.__0printf$3) refers to stdout.o(.data) for __stdout
    printf3.o(i.__0snprintf$3) refers to printf3.o(i._printf_core) for _printf_core
    printf3.o(i.__0snprintf$3) refers to printf3.o(i._snputc) for _snputc
    printf3.o(i.__0sprintf$3) refers to printf3.o(i._printf_core) for _printf_core
    printf3.o(i.__0sprintf$3) refers to printf3.o(i._sputc) for _sputc
    printf3.o(i.__0vfprintf$3) refers to printf3.o(i._printf_core) for _printf_core
    printf3.o(i.__0vfprintf$3) refers to usart.o(.text) for fputc
    printf3.o(i.__0vprintf$3) refers to printf3.o(i._printf_core) for _printf_core
    printf3.o(i.__0vprintf$3) refers to usart.o(.text) for fputc
    printf3.o(i.__0vprintf$3) refers to stdout.o(.data) for __stdout
    printf3.o(i.__0vsnprintf$3) refers to printf3.o(i._printf_core) for _printf_core
    printf3.o(i.__0vsnprintf$3) refers to printf3.o(i._snputc) for _snputc
    printf3.o(i.__0vsprintf$3) refers to printf3.o(i._printf_core) for _printf_core
    printf3.o(i.__0vsprintf$3) refers to printf3.o(i._sputc) for _sputc
    printf3.o(i._printf_core) refers to uidiv.o(.text) for __aeabi_uidivmod
    printf4.o(i.__0fprintf$4) refers to printf4.o(i._printf_core) for _printf_core
    printf4.o(i.__0fprintf$4) refers to usart.o(.text) for fputc
    printf4.o(i.__0printf$4) refers to printf4.o(i._printf_core) for _printf_core
    printf4.o(i.__0printf$4) refers to usart.o(.text) for fputc
    printf4.o(i.__0printf$4) refers to stdout.o(.data) for __stdout
    printf4.o(i.__0snprintf$4) refers to printf4.o(i._printf_core) for _printf_core
    printf4.o(i.__0snprintf$4) refers to printf4.o(i._snputc) for _snputc
    printf4.o(i.__0sprintf$4) refers to printf4.o(i._printf_core) for _printf_core
    printf4.o(i.__0sprintf$4) refers to printf4.o(i._sputc) for _sputc
    printf4.o(i.__0vfprintf$4) refers to printf4.o(i._printf_core) for _printf_core
    printf4.o(i.__0vfprintf$4) refers to usart.o(.text) for fputc
    printf4.o(i.__0vprintf$4) refers to printf4.o(i._printf_core) for _printf_core
    printf4.o(i.__0vprintf$4) refers to usart.o(.text) for fputc
    printf4.o(i.__0vprintf$4) refers to stdout.o(.data) for __stdout
    printf4.o(i.__0vsnprintf$4) refers to printf4.o(i._printf_core) for _printf_core
    printf4.o(i.__0vsnprintf$4) refers to printf4.o(i._snputc) for _snputc
    printf4.o(i.__0vsprintf$4) refers to printf4.o(i._printf_core) for _printf_core
    printf4.o(i.__0vsprintf$4) refers to printf4.o(i._sputc) for _sputc
    printf4.o(i._printf_core) refers to uldiv.o(.text) for __aeabi_uldivmod
    printf5.o(i.__0fprintf$5) refers to printf5.o(i._printf_core) for _printf_core
    printf5.o(i.__0fprintf$5) refers to usart.o(.text) for fputc
    printf5.o(i.__0printf$5) refers to printf5.o(i._printf_core) for _printf_core
    printf5.o(i.__0printf$5) refers to usart.o(.text) for fputc
    printf5.o(i.__0printf$5) refers to stdout.o(.data) for __stdout
    printf5.o(i.__0snprintf$5) refers to printf5.o(i._printf_core) for _printf_core
    printf5.o(i.__0snprintf$5) refers to printf5.o(i._snputc) for _snputc
    printf5.o(i.__0sprintf$5) refers to printf5.o(i._printf_core) for _printf_core
    printf5.o(i.__0sprintf$5) refers to printf5.o(i._sputc) for _sputc
    printf5.o(i.__0vfprintf$5) refers to printf5.o(i._printf_core) for _printf_core
    printf5.o(i.__0vfprintf$5) refers to usart.o(.text) for fputc
    printf5.o(i.__0vprintf$5) refers to printf5.o(i._printf_core) for _printf_core
    printf5.o(i.__0vprintf$5) refers to usart.o(.text) for fputc
    printf5.o(i.__0vprintf$5) refers to stdout.o(.data) for __stdout
    printf5.o(i.__0vsnprintf$5) refers to printf5.o(i._printf_core) for _printf_core
    printf5.o(i.__0vsnprintf$5) refers to printf5.o(i._snputc) for _snputc
    printf5.o(i.__0vsprintf$5) refers to printf5.o(i._printf_core) for _printf_core
    printf5.o(i.__0vsprintf$5) refers to printf5.o(i._sputc) for _sputc
    printf5.o(i._printf_core) refers to uldiv.o(.text) for __aeabi_uldivmod
    printf6.o(i.__0fprintf$6) refers to printf6.o(i._printf_core) for _printf_core
    printf6.o(i.__0fprintf$6) refers to usart.o(.text) for fputc
    printf6.o(i.__0printf$6) refers to printf6.o(i._printf_core) for _printf_core
    printf6.o(i.__0printf$6) refers to usart.o(.text) for fputc
    printf6.o(i.__0printf$6) refers to stdout.o(.data) for __stdout
    printf6.o(i.__0snprintf$6) refers to printf6.o(i._printf_core) for _printf_core
    printf6.o(i.__0snprintf$6) refers to printf6.o(i._snputc) for _snputc
    printf6.o(i.__0sprintf$6) refers to printf6.o(i._printf_core) for _printf_core
    printf6.o(i.__0sprintf$6) refers to printf6.o(i._sputc) for _sputc
    printf6.o(i.__0vfprintf$6) refers to printf6.o(i._printf_core) for _printf_core
    printf6.o(i.__0vfprintf$6) refers to usart.o(.text) for fputc
    printf6.o(i.__0vprintf$6) refers to printf6.o(i._printf_core) for _printf_core
    printf6.o(i.__0vprintf$6) refers to usart.o(.text) for fputc
    printf6.o(i.__0vprintf$6) refers to stdout.o(.data) for __stdout
    printf6.o(i.__0vsnprintf$6) refers to printf6.o(i._printf_core) for _printf_core
    printf6.o(i.__0vsnprintf$6) refers to printf6.o(i._snputc) for _snputc
    printf6.o(i.__0vsprintf$6) refers to printf6.o(i._printf_core) for _printf_core
    printf6.o(i.__0vsprintf$6) refers to printf6.o(i._sputc) for _sputc
    printf6.o(i._printf_core) refers to printf6.o(i._printf_pre_padding) for _printf_pre_padding
    printf6.o(i._printf_core) refers to uidiv.o(.text) for __aeabi_uidivmod
    printf6.o(i._printf_core) refers to printf6.o(i._printf_post_padding) for _printf_post_padding
    printf7.o(i.__0fprintf$7) refers to printf7.o(i._printf_core) for _printf_core
    printf7.o(i.__0fprintf$7) refers to usart.o(.text) for fputc
    printf7.o(i.__0printf$7) refers to printf7.o(i._printf_core) for _printf_core
    printf7.o(i.__0printf$7) refers to usart.o(.text) for fputc
    printf7.o(i.__0printf$7) refers to stdout.o(.data) for __stdout
    printf7.o(i.__0snprintf$7) refers to printf7.o(i._printf_core) for _printf_core
    printf7.o(i.__0snprintf$7) refers to printf7.o(i._snputc) for _snputc
    printf7.o(i.__0sprintf$7) refers to printf7.o(i._printf_core) for _printf_core
    printf7.o(i.__0sprintf$7) refers to printf7.o(i._sputc) for _sputc
    printf7.o(i.__0vfprintf$7) refers to printf7.o(i._printf_core) for _printf_core
    printf7.o(i.__0vfprintf$7) refers to usart.o(.text) for fputc
    printf7.o(i.__0vprintf$7) refers to printf7.o(i._printf_core) for _printf_core
    printf7.o(i.__0vprintf$7) refers to usart.o(.text) for fputc
    printf7.o(i.__0vprintf$7) refers to stdout.o(.data) for __stdout
    printf7.o(i.__0vsnprintf$7) refers to printf7.o(i._printf_core) for _printf_core
    printf7.o(i.__0vsnprintf$7) refers to printf7.o(i._snputc) for _snputc
    printf7.o(i.__0vsprintf$7) refers to printf7.o(i._printf_core) for _printf_core
    printf7.o(i.__0vsprintf$7) refers to printf7.o(i._sputc) for _sputc
    printf7.o(i._printf_core) refers to printf7.o(i._printf_pre_padding) for _printf_pre_padding
    printf7.o(i._printf_core) refers to uldiv.o(.text) for __aeabi_uldivmod
    printf7.o(i._printf_core) refers to printf7.o(i._printf_post_padding) for _printf_post_padding
    printf8.o(i.__0fprintf$8) refers to printf8.o(i._printf_core) for _printf_core
    printf8.o(i.__0fprintf$8) refers to usart.o(.text) for fputc
    printf8.o(i.__0printf$8) refers to printf8.o(i._printf_core) for _printf_core
    printf8.o(i.__0printf$8) refers to usart.o(.text) for fputc
    printf8.o(i.__0printf$8) refers to stdout.o(.data) for __stdout
    printf8.o(i.__0snprintf$8) refers to printf8.o(i._printf_core) for _printf_core
    printf8.o(i.__0snprintf$8) refers to printf8.o(i._snputc) for _snputc
    printf8.o(i.__0sprintf$8) refers to printf8.o(i._printf_core) for _printf_core
    printf8.o(i.__0sprintf$8) refers to printf8.o(i._sputc) for _sputc
    printf8.o(i.__0vfprintf$8) refers to printf8.o(i._printf_core) for _printf_core
    printf8.o(i.__0vfprintf$8) refers to usart.o(.text) for fputc
    printf8.o(i.__0vprintf$8) refers to printf8.o(i._printf_core) for _printf_core
    printf8.o(i.__0vprintf$8) refers to usart.o(.text) for fputc
    printf8.o(i.__0vprintf$8) refers to stdout.o(.data) for __stdout
    printf8.o(i.__0vsnprintf$8) refers to printf8.o(i._printf_core) for _printf_core
    printf8.o(i.__0vsnprintf$8) refers to printf8.o(i._snputc) for _snputc
    printf8.o(i.__0vsprintf$8) refers to printf8.o(i._printf_core) for _printf_core
    printf8.o(i.__0vsprintf$8) refers to printf8.o(i._sputc) for _sputc
    printf8.o(i._printf_core) refers to printf8.o(i._printf_pre_padding) for _printf_pre_padding
    printf8.o(i._printf_core) refers to uldiv.o(.text) for __aeabi_uldivmod
    printf8.o(i._printf_core) refers to printf8.o(i._printf_post_padding) for _printf_post_padding
    printfa.o(i.__0fprintf) refers (Special) to iusefp.o(.text) for __I$use$fp
    printfa.o(i.__0fprintf) refers to printfa.o(i._printf_core) for _printf_core
    printfa.o(i.__0fprintf) refers to usart.o(.text) for fputc
    printfa.o(i.__0printf) refers (Special) to iusefp.o(.text) for __I$use$fp
    printfa.o(i.__0printf) refers to printfa.o(i._printf_core) for _printf_core
    printfa.o(i.__0printf) refers to usart.o(.text) for fputc
    printfa.o(i.__0printf) refers to stdout.o(.data) for __stdout
    printfa.o(i.__0snprintf) refers (Special) to iusefp.o(.text) for __I$use$fp
    printfa.o(i.__0snprintf) refers to printfa.o(i._printf_core) for _printf_core
    printfa.o(i.__0snprintf) refers to printfa.o(i._snputc) for _snputc
    printfa.o(i.__0sprintf) refers (Special) to iusefp.o(.text) for __I$use$fp
    printfa.o(i.__0sprintf) refers to printfa.o(i._printf_core) for _printf_core
    printfa.o(i.__0sprintf) refers to printfa.o(i._sputc) for _sputc
    printfa.o(i.__0vfprintf) refers (Special) to iusefp.o(.text) for __I$use$fp
    printfa.o(i.__0vfprintf) refers to printfa.o(i._printf_core) for _printf_core
    printfa.o(i.__0vfprintf) refers to usart.o(.text) for fputc
    printfa.o(i.__0vprintf) refers (Special) to iusefp.o(.text) for __I$use$fp
    printfa.o(i.__0vprintf) refers to printfa.o(i._printf_core) for _printf_core
    printfa.o(i.__0vprintf) refers to usart.o(.text) for fputc
    printfa.o(i.__0vprintf) refers to stdout.o(.data) for __stdout
    printfa.o(i.__0vsnprintf) refers (Special) to iusefp.o(.text) for __I$use$fp
    printfa.o(i.__0vsnprintf) refers to printfa.o(i._printf_core) for _printf_core
    printfa.o(i.__0vsnprintf) refers to printfa.o(i._snputc) for _snputc
    printfa.o(i.__0vsprintf) refers (Special) to iusefp.o(.text) for __I$use$fp
    printfa.o(i.__0vsprintf) refers to printfa.o(i._printf_core) for _printf_core
    printfa.o(i.__0vsprintf) refers to printfa.o(i._sputc) for _sputc
    printfa.o(i._fp_digits) refers (Special) to iusefp.o(.text) for __I$use$fp
    printfa.o(i._fp_digits) refers to dmul.o(.text) for __aeabi_dmul
    printfa.o(i._fp_digits) refers to ddiv.o(.text) for __aeabi_ddiv
    printfa.o(i._fp_digits) refers to cdrcmple.o(.text) for __aeabi_cdrcmple
    printfa.o(i._fp_digits) refers to dadd.o(.text) for __aeabi_dadd
    printfa.o(i._fp_digits) refers to dfixul.o(.text) for __aeabi_d2ulz
    printfa.o(i._fp_digits) refers to uldiv.o(.text) for __aeabi_uldivmod
    printfa.o(i._printf_core) refers (Special) to iusefp.o(.text) for __I$use$fp
    printfa.o(i._printf_core) refers to printfa.o(i._printf_pre_padding) for _printf_pre_padding
    printfa.o(i._printf_core) refers to uldiv.o(.text) for __aeabi_uldivmod
    printfa.o(i._printf_core) refers to printfa.o(i._printf_post_padding) for _printf_post_padding
    printfa.o(i._printf_core) refers to printfa.o(i._fp_digits) for _fp_digits
    printfa.o(i._printf_core) refers to uidiv.o(.text) for __aeabi_uidivmod
    printfa.o(i._printf_post_padding) refers (Special) to iusefp.o(.text) for __I$use$fp
    printfa.o(i._printf_pre_padding) refers (Special) to iusefp.o(.text) for __I$use$fp
    printfa.o(i._snputc) refers (Special) to iusefp.o(.text) for __I$use$fp
    printfa.o(i._sputc) refers (Special) to iusefp.o(.text) for __I$use$fp
    fmul.o(.text) refers (Special) to iusefp.o(.text) for __I$use$fp
    fdiv.o(.text) refers (Special) to iusefp.o(.text) for __I$use$fp
    fdiv.o(.text) refers to fepilogue.o(.text) for _float_round
    fflti.o(.text) refers (Special) to iusefp.o(.text) for __I$use$fp
    fflti.o(.text) refers to fepilogue.o(.text) for _float_epilogue
    ffltui.o(.text) refers (Special) to iusefp.o(.text) for __I$use$fp
    ffltui.o(.text) refers to fepilogue.o(.text) for _float_epilogue
    entry2.o(.ARM.Collect$$$$00000001) refers to entry2.o(.ARM.Collect$$$$00002712) for __lit__00000000
    entry2.o(.ARM.Collect$$$$00002712) refers to startup_stm32f10x_hd.o(STACK) for __initial_sp
    entry2.o(__vectab_stack_and_reset_area) refers to startup_stm32f10x_hd.o(STACK) for __initial_sp
    entry2.o(__vectab_stack_and_reset_area) refers to entry.o(.ARM.Collect$$$$00000000) for __main
    entry5.o(.ARM.Collect$$$$00000004) refers to init.o(.text) for __scatterload
    entry9a.o(.ARM.Collect$$$$0000000B) refers to main.o(.text) for main
    entry9b.o(.ARM.Collect$$$$0000000C) refers to main.o(.text) for main
    uldiv.o(.text) refers to llushr.o(.text) for __aeabi_llsr
    uldiv.o(.text) refers to llshl.o(.text) for __aeabi_llsl
    dadd.o(.text) refers to llshl.o(.text) for __aeabi_llsl
    dadd.o(.text) refers to llsshr.o(.text) for __aeabi_lasr
    dadd.o(.text) refers to depilogue.o(.text) for _double_epilogue
    dmul.o(.text) refers to depilogue.o(.text) for _double_epilogue
    ddiv.o(.text) refers to depilogue.o(.text) for _double_round
    dfixul.o(.text) refers to llushr.o(.text) for __aeabi_llsr
    dfixul.o(.text) refers to llshl.o(.text) for __aeabi_llsl
    init.o(.text) refers to entry5.o(.ARM.Collect$$$$00000004) for __main_after_scatterload
    depilogue.o(.text) refers to llshl.o(.text) for __aeabi_llsl
    depilogue.o(.text) refers to llushr.o(.text) for __aeabi_llsr


==============================================================================

Removing Unused input sections from the image.

    Removing core_cm3.o(.emb_text), (32 bytes).
    Removing startup_stm32f10x_hd.o(HEAP), (512 bytes).
    Removing stm32f10x_exti.o(.text), (236 bytes).
    Removing stm32f10x_tim.o(.text), (3114 bytes).

4 unused section(s) (total 3894 bytes) removed from the image.

==============================================================================

Image Symbol Table

    Local Symbols

    Symbol Name                              Value     Ov Type        Size  Object(Section)

    ../clib/microlib/division.c              0x00000000   Number         0  uidiv.o ABSOLUTE
    ../clib/microlib/division.c              0x00000000   Number         0  uldiv.o ABSOLUTE
    ../clib/microlib/init/entry.s            0x00000000   Number         0  entry12a.o ABSOLUTE
    ../clib/microlib/init/entry.s            0x00000000   Number         0  entry8b.o ABSOLUTE
    ../clib/microlib/init/entry.s            0x00000000   Number         0  entry11b.o ABSOLUTE
    ../clib/microlib/init/entry.s            0x00000000   Number         0  entry.o ABSOLUTE
    ../clib/microlib/init/entry.s            0x00000000   Number         0  entry2.o ABSOLUTE
    ../clib/microlib/init/entry.s            0x00000000   Number         0  entry9a.o ABSOLUTE
    ../clib/microlib/init/entry.s            0x00000000   Number         0  entry5.o ABSOLUTE
    ../clib/microlib/init/entry.s            0x00000000   Number         0  entry7a.o ABSOLUTE
    ../clib/microlib/init/entry.s            0x00000000   Number         0  entry7b.o ABSOLUTE
    ../clib/microlib/init/entry.s            0x00000000   Number         0  entry8a.o ABSOLUTE
    ../clib/microlib/init/entry.s            0x00000000   Number         0  entry10b.o ABSOLUTE
    ../clib/microlib/init/entry.s            0x00000000   Number         0  entry10a.o ABSOLUTE
    ../clib/microlib/init/entry.s            0x00000000   Number         0  entry12b.o ABSOLUTE
    ../clib/microlib/init/entry.s            0x00000000   Number         0  entry11a.o ABSOLUTE
    ../clib/microlib/init/entry.s            0x00000000   Number         0  entry9b.o ABSOLUTE
    ../clib/microlib/longlong.c              0x00000000   Number         0  llsshr.o ABSOLUTE
    ../clib/microlib/longlong.c              0x00000000   Number         0  llshl.o ABSOLUTE
    ../clib/microlib/longlong.c              0x00000000   Number         0  llushr.o ABSOLUTE
    ../clib/microlib/printf/printf.c         0x00000000   Number         0  printfb.o ABSOLUTE
    ../clib/microlib/printf/printf.c         0x00000000   Number         0  printf4.o ABSOLUTE
    ../clib/microlib/printf/printf.c         0x00000000   Number         0  printf3.o ABSOLUTE
    ../clib/microlib/printf/printf.c         0x00000000   Number         0  printf7.o ABSOLUTE
    ../clib/microlib/printf/printf.c         0x00000000   Number         0  printf8.o ABSOLUTE
    ../clib/microlib/printf/printf.c         0x00000000   Number         0  printf1.o ABSOLUTE
    ../clib/microlib/printf/printf.c         0x00000000   Number         0  printf0.o ABSOLUTE
    ../clib/microlib/printf/printf.c         0x00000000   Number         0  printfa.o ABSOLUTE
    ../clib/microlib/printf/printf.c         0x00000000   Number         0  printf2.o ABSOLUTE
    ../clib/microlib/printf/printf.c         0x00000000   Number         0  printf6.o ABSOLUTE
    ../clib/microlib/printf/printf.c         0x00000000   Number         0  printf5.o ABSOLUTE
    ../clib/microlib/printf/stubs.s          0x00000000   Number         0  stubs.o ABSOLUTE
    ../clib/microlib/stdio/streams.c         0x00000000   Number         0  stdout.o ABSOLUTE
    ../clib/microlib/string/memset.c         0x00000000   Number         0  memseta.o ABSOLUTE
    ../clib/microlib/string/strcmp.c         0x00000000   Number         0  strcmp.o ABSOLUTE
    ../clib/microlib/string/strlen.c         0x00000000   Number         0  strlen.o ABSOLUTE
    ../clib/microlib/string/strncmp.c        0x00000000   Number         0  strncmp.o ABSOLUTE
    ../clib/microlib/stubs.s                 0x00000000   Number         0  iusefp.o ABSOLUTE
    ../fplib/microlib/fpadd.c                0x00000000   Number         0  dadd.o ABSOLUTE
    ../fplib/microlib/fpdiv.c                0x00000000   Number         0  fdiv.o ABSOLUTE
    ../fplib/microlib/fpdiv.c                0x00000000   Number         0  ddiv.o ABSOLUTE
    ../fplib/microlib/fpepilogue.c           0x00000000   Number         0  depilogue.o ABSOLUTE
    ../fplib/microlib/fpepilogue.c           0x00000000   Number         0  fepilogue.o ABSOLUTE
    ../fplib/microlib/fpfix.c                0x00000000   Number         0  dfixul.o ABSOLUTE
    ../fplib/microlib/fpflt.c                0x00000000   Number         0  fflti.o ABSOLUTE
    ../fplib/microlib/fpflt.c                0x00000000   Number         0  ffltui.o ABSOLUTE
    ../fplib/microlib/fpmul.c                0x00000000   Number         0  dmul.o ABSOLUTE
    ../fplib/microlib/fpmul.c                0x00000000   Number         0  fmul.o ABSOLUTE
    APP\LED.C                                0x00000000   Number         0  led.o ABSOLUTE
    APP\USART.C                              0x00000000   Number         0  usart.o ABSOLUTE
    APP\cmd_demo.c                           0x00000000   Number         0  cmd_demo.o ABSOLUTE
    APP\shell.c                              0x00000000   Number         0  shell.o ABSOLUTE
    APP\shell_cmd_list.c                     0x00000000   Number         0  shell_cmd_list.o ABSOLUTE
    APP\shell_companion.c                    0x00000000   Number         0  shell_companion.o ABSOLUTE
    APP\shell_ext.c                          0x00000000   Number         0  shell_ext.o ABSOLUTE
    APP\shell_port.c                         0x00000000   Number         0  shell_port.o ABSOLUTE
    APP\systick.c                            0x00000000   Number         0  systick.o ABSOLUTE
    Libraries\CMSIS\CM3\CoreSupport\core_cm3.c 0x00000000   Number         0  core_cm3.o ABSOLUTE
    Libraries\CMSIS\CM3\DeviceSupport\ST\STM32F10x\system_stm32f10x.c 0x00000000   Number         0  system_stm32f10x.o ABSOLUTE
    Libraries\STM32F10x_StdPeriph_Driver\src\misc.c 0x00000000   Number         0  misc.o ABSOLUTE
    Libraries\STM32F10x_StdPeriph_Driver\src\stm32f10x_exti.c 0x00000000   Number         0  stm32f10x_exti.o ABSOLUTE
    Libraries\STM32F10x_StdPeriph_Driver\src\stm32f10x_gpio.c 0x00000000   Number         0  stm32f10x_gpio.o ABSOLUTE
    Libraries\STM32F10x_StdPeriph_Driver\src\stm32f10x_rcc.c 0x00000000   Number         0  stm32f10x_rcc.o ABSOLUTE
    Libraries\STM32F10x_StdPeriph_Driver\src\stm32f10x_tim.c 0x00000000   Number         0  stm32f10x_tim.o ABSOLUTE
    Libraries\STM32F10x_StdPeriph_Driver\src\stm32f10x_usart.c 0x00000000   Number         0  stm32f10x_usart.o ABSOLUTE
    Libraries\\CMSIS\\CM3\\CoreSupport\\core_cm3.c 0x00000000   Number         0  core_cm3.o ABSOLUTE
    cdrcmple.s                               0x00000000   Number         0  cdrcmple.o ABSOLUTE
    dc.s                                     0x00000000   Number         0  dc.o ABSOLUTE
    handlers.s                               0x00000000   Number         0  handlers.o ABSOLUTE
    init.s                                   0x00000000   Number         0  init.o ABSOLUTE
    startup\startup_stm32f10x_hd.s           0x00000000   Number         0  startup_stm32f10x_hd.o ABSOLUTE
    user\main.c                              0x00000000   Number         0  main.o ABSOLUTE
    user\stm32f10x_it.c                      0x00000000   Number         0  stm32f10x_it.o ABSOLUTE
    RESET                                    0x08000000   Section      304  startup_stm32f10x_hd.o(RESET)
    .ARM.Collect$$$$00000000                 0x08000130   Section        0  entry.o(.ARM.Collect$$$$00000000)
    .ARM.Collect$$$$00000001                 0x08000130   Section        4  entry2.o(.ARM.Collect$$$$00000001)
    .ARM.Collect$$$$00000004                 0x08000134   Section        4  entry5.o(.ARM.Collect$$$$00000004)
    .ARM.Collect$$$$00000008                 0x08000138   Section        0  entry7b.o(.ARM.Collect$$$$00000008)
    .ARM.Collect$$$$0000000A                 0x08000138   Section        0  entry8b.o(.ARM.Collect$$$$0000000A)
    .ARM.Collect$$$$0000000B                 0x08000138   Section        8  entry9a.o(.ARM.Collect$$$$0000000B)
    .ARM.Collect$$$$0000000E                 0x08000140   Section        4  entry12b.o(.ARM.Collect$$$$0000000E)
    .ARM.Collect$$$$0000000F                 0x08000144   Section        0  entry10a.o(.ARM.Collect$$$$0000000F)
    .ARM.Collect$$$$00000011                 0x08000144   Section        0  entry11a.o(.ARM.Collect$$$$00000011)
    .ARM.Collect$$$$00002712                 0x08000144   Section        4  entry2.o(.ARM.Collect$$$$00002712)
    __lit__00000000                          0x08000144   Data           4  entry2.o(.ARM.Collect$$$$00002712)
    .text                                    0x08000148   Section        0  main.o(.text)
    .text                                    0x08000164   Section        0  stm32f10x_it.o(.text)
    .text                                    0x08000178   Section        0  system_stm32f10x.o(.text)
    SetSysClockTo72                          0x08000179   Thumb Code   166  system_stm32f10x.o(.text)
    SetSysClock                              0x0800021f   Thumb Code     2  system_stm32f10x.o(.text)
    .text                                    0x080002ec   Section       36  startup_stm32f10x_hd.o(.text)
    .text                                    0x08000310   Section        0  stm32f10x_gpio.o(.text)
    .text                                    0x080005a8   Section        0  stm32f10x_rcc.o(.text)
    .text                                    0x0800089c   Section        0  misc.o(.text)
    .text                                    0x08000954   Section        0  stm32f10x_usart.o(.text)
    .text                                    0x08000cf0   Section        0  led.o(.text)
    .text                                    0x08000dec   Section        0  systick.o(.text)
    .text                                    0x08000e34   Section        0  usart.o(.text)
    .text                                    0x08000f84   Section        0  shell_ext.o(.text)
    shellExtNumType                          0x08000f85   Thumb Code    78  shell_ext.o(.text)
    shellExtToNum                            0x08000fd3   Thumb Code    44  shell_ext.o(.text)
    shellExtParseChar                        0x08000fff   Thumb Code    68  shell_ext.o(.text)
    shellExtParseString                      0x08001043   Thumb Code    70  shell_ext.o(.text)
    shellExtParseNumber                      0x08001089   Thumb Code   194  shell_ext.o(.text)
    shellExtParseVar                         0x0800114b   Thumb Code    40  shell_ext.o(.text)
    .text                                    0x080012a0   Section        0  shell_port.o(.text)
    .text                                    0x080012f8   Section        0  cmd_demo.o(.text)
    demo                                     0x080012f9   Thumb Code     6  cmd_demo.o(.text)
    led                                      0x080012ff   Thumb Code    12  cmd_demo.o(.text)
    echo                                     0x0800130b   Thumb Code    52  cmd_demo.o(.text)
    .text                                    0x08001358   Section        0  shell.o(.text)
    shellWritePrompt                         0x08001381   Thumb Code    74  shell.o(.text)
    shellGetCommandName                      0x080013f5   Thumb Code    60  shell.o(.text)
    shellAdd                                 0x0800152f   Thumb Code    28  shell.o(.text)
    shellWriteByte                           0x08001605   Thumb Code    12  shell.o(.text)
    shellWriteCommandDesc                    0x08001611   Thumb Code    76  shell.o(.text)
    shellStringCopy                          0x080016e1   Thumb Code    24  shell.o(.text)
    shellStringCompare                       0x080016f9   Thumb Code    36  shell.o(.text)
    shellGetCommandDesc                      0x0800171d   Thumb Code    10  shell.o(.text)
    shellParserParam                         0x08001bf5   Thumb Code    26  shell.o(.text)
    shellRemoveParamQuotes                   0x08001c0f   Thumb Code    64  shell.o(.text)
    shellShowVar                             0x08001c8d   Thumb Code   156  shell.o(.text)
    shellWriteReturnValue                    0x08001df9   Thumb Code   100  shell.o(.text)
    shellCheckPassword                       0x08001eed   Thumb Code    58  shell.o(.text)
    shellHistoryAdd                          0x08001f27   Thumb Code   108  shell.o(.text)
    shellHistory                             0x08001f93   Thumb Code   156  shell.o(.text)
    shellWriteCommandHelp                    0x08002223   Thumb Code    92  shell.o(.text)
    .text                                    0x08002450   Section        0  memseta.o(.text)
    .text                                    0x08002474   Section        0  strlen.o(.text)
    .text                                    0x08002482   Section        0  strcmp.o(.text)
    .text                                    0x0800249e   Section        0  strncmp.o(.text)
    .text                                    0x080024bc   Section        0  fmul.o(.text)
    .text                                    0x08002520   Section        0  fdiv.o(.text)
    .text                                    0x0800259c   Section        0  fflti.o(.text)
    .text                                    0x080025ae   Section        0  ffltui.o(.text)
    .text                                    0x080025b8   Section        0  uidiv.o(.text)
    .text                                    0x080025e4   Section        0  uldiv.o(.text)
    .text                                    0x08002646   Section        0  iusefp.o(.text)
    .text                                    0x08002646   Section        0  fepilogue.o(.text)
    .text                                    0x080026b4   Section        0  dadd.o(.text)
    .text                                    0x08002802   Section        0  dmul.o(.text)
    .text                                    0x080028e6   Section        0  ddiv.o(.text)
    .text                                    0x080029c4   Section        0  dfixul.o(.text)
    .text                                    0x080029f4   Section       48  cdrcmple.o(.text)
    .text                                    0x08002a24   Section       36  init.o(.text)
    .text                                    0x08002a48   Section        0  llshl.o(.text)
    .text                                    0x08002a66   Section        0  llushr.o(.text)
    .text                                    0x08002a86   Section        0  llsshr.o(.text)
    .text                                    0x08002aaa   Section        0  depilogue.o(.text)
    i.__0printf                              0x08002b64   Section        0  printfa.o(i.__0printf)
    i.__0vsnprintf                           0x08002b84   Section        0  printfa.o(i.__0vsnprintf)
    i.__scatterload_copy                     0x08002bb8   Section       14  handlers.o(i.__scatterload_copy)
    i.__scatterload_null                     0x08002bc6   Section        2  handlers.o(i.__scatterload_null)
    i.__scatterload_zeroinit                 0x08002bc8   Section       14  handlers.o(i.__scatterload_zeroinit)
    i._fp_digits                             0x08002bd8   Section        0  printfa.o(i._fp_digits)
    _fp_digits                               0x08002bd9   Thumb Code   366  printfa.o(i._fp_digits)
    i._printf_core                           0x08002d5c   Section        0  printfa.o(i._printf_core)
    _printf_core                             0x08002d5d   Thumb Code  1704  printfa.o(i._printf_core)
    i._printf_post_padding                   0x08003410   Section        0  printfa.o(i._printf_post_padding)
    _printf_post_padding                     0x08003411   Thumb Code    36  printfa.o(i._printf_post_padding)
    i._printf_pre_padding                    0x08003434   Section        0  printfa.o(i._printf_pre_padding)
    _printf_pre_padding                      0x08003435   Thumb Code    46  printfa.o(i._printf_pre_padding)
    i._snputc                                0x08003462   Section        0  printfa.o(i._snputc)
    _snputc                                  0x08003463   Thumb Code    22  printfa.o(i._snputc)
    .constdata                               0x08003478   Section        5  cmd_demo.o(.constdata)
    .constdata                               0x0800347d   Section       13  cmd_demo.o(.constdata)
    .constdata                               0x0800348a   Section        4  cmd_demo.o(.constdata)
    .constdata                               0x0800348e   Section        9  cmd_demo.o(.constdata)
    .constdata                               0x08003497   Section        5  cmd_demo.o(.constdata)
    .constdata                               0x0800349c   Section       22  cmd_demo.o(.constdata)
    .constdata                               0x080034b2   Section        5  shell.o(.constdata)
    .constdata                               0x080034b7   Section        4  shell.o(.constdata)
    .constdata                               0x080034bb   Section       13  shell.o(.constdata)
    .constdata                               0x080034c8   Section        7  shell.o(.constdata)
    .constdata                               0x080034cf   Section        8  shell.o(.constdata)
    .constdata                               0x080034d7   Section        3  shell.o(.constdata)
    .constdata                               0x080034da   Section        5  shell.o(.constdata)
    .constdata                               0x080034df   Section        6  shell.o(.constdata)
    .constdata                               0x080034e5   Section        5  shell.o(.constdata)
    .constdata                               0x080034ea   Section        4  shell.o(.constdata)
    .constdata                               0x080034ee   Section       10  shell.o(.constdata)
    .constdata                               0x080034f8   Section       10  shell.o(.constdata)
    .constdata                               0x08003502   Section        7  shell.o(.constdata)
    .constdata                               0x08003509   Section        6  shell.o(.constdata)
    .constdata                               0x0800350f   Section        6  shell.o(.constdata)
    .constdata                               0x08003515   Section        5  shell.o(.constdata)
    .constdata                               0x0800351a   Section       30  shell.o(.constdata)
    .constdata                               0x08003538   Section        6  shell.o(.constdata)
    .constdata                               0x0800353e   Section       14  shell.o(.constdata)
    .constdata                               0x0800354c   Section        5  shell.o(.constdata)
    .constdata                               0x08003551   Section       13  shell.o(.constdata)
    .constdata                               0x0800355e   Section        5  shell.o(.constdata)
    .constdata                               0x08003563   Section       13  shell.o(.constdata)
    .constdata                               0x08003570   Section        5  shell.o(.constdata)
    .constdata                               0x08003575   Section       13  shell.o(.constdata)
    .constdata                               0x08003582   Section        6  shell.o(.constdata)
    .constdata                               0x08003588   Section       14  shell.o(.constdata)
    .conststring                             0x08003598   Section      733  shell.o(.conststring)
    shellCommand                             0x08003898   Section       48  cmd_demo.o(shellCommand)
    __tagsym$$used                           0x08003898   Number         0  cmd_demo.o(shellCommand)
    __tagsym$$used                           0x080038a8   Number         0  cmd_demo.o(shellCommand)
    __tagsym$$used                           0x080038b8   Number         0  cmd_demo.o(shellCommand)
    shellCommand                             0x080038c8   Section      288  shell.o(shellCommand)
    __tagsym$$used                           0x080038c8   Number         0  shell.o(shellCommand)
    __tagsym$$used                           0x080038d8   Number         0  shell.o(shellCommand)
    __tagsym$$used                           0x080038e8   Number         0  shell.o(shellCommand)
    __tagsym$$used                           0x080038f8   Number         0  shell.o(shellCommand)
    __tagsym$$used                           0x08003908   Number         0  shell.o(shellCommand)
    __tagsym$$used                           0x08003918   Number         0  shell.o(shellCommand)
    __tagsym$$used                           0x08003928   Number         0  shell.o(shellCommand)
    __tagsym$$used                           0x08003938   Number         0  shell.o(shellCommand)
    __tagsym$$used                           0x08003948   Number         0  shell.o(shellCommand)
    __tagsym$$used                           0x08003958   Number         0  shell.o(shellCommand)
    __tagsym$$used                           0x08003968   Number         0  shell.o(shellCommand)
    __tagsym$$used                           0x08003978   Number         0  shell.o(shellCommand)
    __tagsym$$used                           0x08003988   Number         0  shell.o(shellCommand)
    __tagsym$$used                           0x08003998   Number         0  shell.o(shellCommand)
    __tagsym$$used                           0x080039a8   Number         0  shell.o(shellCommand)
    __tagsym$$used                           0x080039b8   Number         0  shell.o(shellCommand)
    __tagsym$$used                           0x080039c8   Number         0  shell.o(shellCommand)
    __tagsym$$used                           0x080039d8   Number         0  shell.o(shellCommand)
    .data                                    0x20000000   Section        1  main.o(.data)
    .data                                    0x20000004   Section       20  system_stm32f10x.o(.data)
    .data                                    0x20000018   Section       20  stm32f10x_rcc.o(.data)
    ADCPrescTable                            0x20000018   Data           4  stm32f10x_rcc.o(.data)
    APBAHBPrescTable                         0x2000001c   Data          16  stm32f10x_rcc.o(.data)
    .data                                    0x2000002c   Section        4  usart.o(.data)
    rx_head                                  0x2000002c   Data           2  usart.o(.data)
    rx_tail                                  0x2000002e   Data           2  usart.o(.data)
    .data                                    0x20000030   Section       88  shell.o(.data)
    shellText                                0x20000034   Data          84  shell.o(.data)
    .data                                    0x20000088   Section        4  stdout.o(.data)
    .bss                                     0x2000008c   Section      128  usart.o(.bss)
    rx_buffer                                0x2000008c   Data         128  usart.o(.bss)
    .bss                                     0x2000010c   Section      632  shell_port.o(.bss)
    shellBuffer                              0x20000184   Data         512  shell_port.o(.bss)
    .bss                                     0x20000384   Section       29  shell.o(.bss)
    shellList                                0x20000384   Data          20  shell.o(.bss)
    buffer                                   0x20000398   Data           9  shell.o(.bss)
    STACK                                    0x200003a8   Section     1024  startup_stm32f10x_hd.o(STACK)

    Global Symbols

    Symbol Name                              Value     Ov Type        Size  Object(Section)

    BuildAttributes$$THM_ISAv4$P$D$K$B$S$PE$A:L22UL41UL21$X:L11$S22US41US21$IEEE1$IW$USESV6$~STKCKD$USESV7$~SHL$OTIME$ROPI$EBA8$MICROLIB$REQ8$PRES8$EABIv2 0x00000000   Number         0  anon$$obj.o ABSOLUTE
    __ARM_use_no_argv                        0x00000000   Number         0  main.o ABSOLUTE
    _printf_a                                0x00000000   Number         0  stubs.o ABSOLUTE
    _printf_c                                0x00000000   Number         0  stubs.o ABSOLUTE
    _printf_charcount                        0x00000000   Number         0  stubs.o ABSOLUTE
    _printf_d                                0x00000000   Number         0  stubs.o ABSOLUTE
    _printf_e                                0x00000000   Number         0  stubs.o ABSOLUTE
    _printf_f                                0x00000000   Number         0  stubs.o ABSOLUTE
    _printf_flags                            0x00000000   Number         0  stubs.o ABSOLUTE
    _printf_fp_dec                           0x00000000   Number         0  stubs.o ABSOLUTE
    _printf_fp_hex                           0x00000000   Number         0  stubs.o ABSOLUTE
    _printf_g                                0x00000000   Number         0  stubs.o ABSOLUTE
    _printf_i                                0x00000000   Number         0  stubs.o ABSOLUTE
    _printf_int_dec                          0x00000000   Number         0  stubs.o ABSOLUTE
    _printf_l                                0x00000000   Number         0  stubs.o ABSOLUTE
    _printf_lc                               0x00000000   Number         0  stubs.o ABSOLUTE
    _printf_ll                               0x00000000   Number         0  stubs.o ABSOLUTE
    _printf_lld                              0x00000000   Number         0  stubs.o ABSOLUTE
    _printf_lli                              0x00000000   Number         0  stubs.o ABSOLUTE
    _printf_llo                              0x00000000   Number         0  stubs.o ABSOLUTE
    _printf_llu                              0x00000000   Number         0  stubs.o ABSOLUTE
    _printf_llx                              0x00000000   Number         0  stubs.o ABSOLUTE
    _printf_longlong_dec                     0x00000000   Number         0  stubs.o ABSOLUTE
    _printf_longlong_hex                     0x00000000   Number         0  stubs.o ABSOLUTE
    _printf_longlong_oct                     0x00000000   Number         0  stubs.o ABSOLUTE
    _printf_ls                               0x00000000   Number         0  stubs.o ABSOLUTE
    _printf_mbtowc                           0x00000000   Number         0  stubs.o ABSOLUTE
    _printf_n                                0x00000000   Number         0  stubs.o ABSOLUTE
    _printf_o                                0x00000000   Number         0  stubs.o ABSOLUTE
    _printf_p                                0x00000000   Number         0  stubs.o ABSOLUTE
    _printf_percent                          0x00000000   Number         0  stubs.o ABSOLUTE
    _printf_pre_padding                      0x00000000   Number         0  stubs.o ABSOLUTE
    _printf_return_value                     0x00000000   Number         0  stubs.o ABSOLUTE
    _printf_s                                0x00000000   Number         0  stubs.o ABSOLUTE
    _printf_sizespec                         0x00000000   Number         0  stubs.o ABSOLUTE
    _printf_str                              0x00000000   Number         0  stubs.o ABSOLUTE
    _printf_truncate_signed                  0x00000000   Number         0  stubs.o ABSOLUTE
    _printf_truncate_unsigned                0x00000000   Number         0  stubs.o ABSOLUTE
    _printf_u                                0x00000000   Number         0  stubs.o ABSOLUTE
    _printf_wc                               0x00000000   Number         0  stubs.o ABSOLUTE
    _printf_wctomb                           0x00000000   Number         0  stubs.o ABSOLUTE
    _printf_widthprec                        0x00000000   Number         0  stubs.o ABSOLUTE
    _printf_x                                0x00000000   Number         0  stubs.o ABSOLUTE
    __arm_fini_                               - Undefined Weak Reference
    __cpp_initialize__aeabi_                  - Undefined Weak Reference
    __cxa_finalize                            - Undefined Weak Reference
    __decompress                              - Undefined Weak Reference
    _clock_init                               - Undefined Weak Reference
    _microlib_exit                            - Undefined Weak Reference
    __Vectors_Size                           0x00000130   Number         0  startup_stm32f10x_hd.o ABSOLUTE
    __Vectors                                0x08000000   Data           4  startup_stm32f10x_hd.o(RESET)
    __Vectors_End                            0x08000130   Data           0  startup_stm32f10x_hd.o(RESET)
    __main                                   0x08000131   Thumb Code     0  entry.o(.ARM.Collect$$$$00000000)
    _main_stk                                0x08000131   Thumb Code     0  entry2.o(.ARM.Collect$$$$00000001)
    _main_scatterload                        0x08000135   Thumb Code     0  entry5.o(.ARM.Collect$$$$00000004)
    __main_after_scatterload                 0x08000139   Thumb Code     0  entry5.o(.ARM.Collect$$$$00000004)
    _main_clock                              0x08000139   Thumb Code     0  entry7b.o(.ARM.Collect$$$$00000008)
    _main_cpp_init                           0x08000139   Thumb Code     0  entry8b.o(.ARM.Collect$$$$0000000A)
    _main_init                               0x08000139   Thumb Code     0  entry9a.o(.ARM.Collect$$$$0000000B)
    __rt_lib_shutdown_fini                   0x08000141   Thumb Code     0  entry12b.o(.ARM.Collect$$$$0000000E)
    __rt_final_cpp                           0x08000145   Thumb Code     0  entry10a.o(.ARM.Collect$$$$0000000F)
    __rt_final_exit                          0x08000145   Thumb Code     0  entry11a.o(.ARM.Collect$$$$00000011)
    main                                     0x08000149   Thumb Code    24  main.o(.text)
    NMI_Handler                              0x08000165   Thumb Code     2  stm32f10x_it.o(.text)
    HardFault_Handler                        0x08000167   Thumb Code     2  stm32f10x_it.o(.text)
    MemManage_Handler                        0x08000169   Thumb Code     2  stm32f10x_it.o(.text)
    BusFault_Handler                         0x0800016b   Thumb Code     2  stm32f10x_it.o(.text)
    UsageFault_Handler                       0x0800016d   Thumb Code     2  stm32f10x_it.o(.text)
    SVC_Handler                              0x0800016f   Thumb Code     2  stm32f10x_it.o(.text)
    DebugMon_Handler                         0x08000171   Thumb Code     2  stm32f10x_it.o(.text)
    PendSV_Handler                           0x08000173   Thumb Code     2  stm32f10x_it.o(.text)
    SysTick_Handler                          0x08000175   Thumb Code     2  stm32f10x_it.o(.text)
    SystemInit                               0x08000221   Thumb Code    64  system_stm32f10x.o(.text)
    SystemCoreClockUpdate                    0x08000261   Thumb Code   106  system_stm32f10x.o(.text)
    Reset_Handler                            0x080002ed   Thumb Code     8  startup_stm32f10x_hd.o(.text)
    ADC1_2_IRQHandler                        0x08000307   Thumb Code     0  startup_stm32f10x_hd.o(.text)
    ADC3_IRQHandler                          0x08000307   Thumb Code     0  startup_stm32f10x_hd.o(.text)
    CAN1_RX1_IRQHandler                      0x08000307   Thumb Code     0  startup_stm32f10x_hd.o(.text)
    CAN1_SCE_IRQHandler                      0x08000307   Thumb Code     0  startup_stm32f10x_hd.o(.text)
    DMA1_Channel1_IRQHandler                 0x08000307   Thumb Code     0  startup_stm32f10x_hd.o(.text)
    DMA1_Channel2_IRQHandler                 0x08000307   Thumb Code     0  startup_stm32f10x_hd.o(.text)
    DMA1_Channel3_IRQHandler                 0x08000307   Thumb Code     0  startup_stm32f10x_hd.o(.text)
    DMA1_Channel4_IRQHandler                 0x08000307   Thumb Code     0  startup_stm32f10x_hd.o(.text)
    DMA1_Channel5_IRQHandler                 0x08000307   Thumb Code     0  startup_stm32f10x_hd.o(.text)
    DMA1_Channel6_IRQHandler                 0x08000307   Thumb Code     0  startup_stm32f10x_hd.o(.text)
    DMA1_Channel7_IRQHandler                 0x08000307   Thumb Code     0  startup_stm32f10x_hd.o(.text)
    DMA2_Channel1_IRQHandler                 0x08000307   Thumb Code     0  startup_stm32f10x_hd.o(.text)
    DMA2_Channel2_IRQHandler                 0x08000307   Thumb Code     0  startup_stm32f10x_hd.o(.text)
    DMA2_Channel3_IRQHandler                 0x08000307   Thumb Code     0  startup_stm32f10x_hd.o(.text)
    DMA2_Channel4_5_IRQHandler               0x08000307   Thumb Code     0  startup_stm32f10x_hd.o(.text)
    EXTI0_IRQHandler                         0x08000307   Thumb Code     0  startup_stm32f10x_hd.o(.text)
    EXTI15_10_IRQHandler                     0x08000307   Thumb Code     0  startup_stm32f10x_hd.o(.text)
    EXTI1_IRQHandler                         0x08000307   Thumb Code     0  startup_stm32f10x_hd.o(.text)
    EXTI2_IRQHandler                         0x08000307   Thumb Code     0  startup_stm32f10x_hd.o(.text)
    EXTI3_IRQHandler                         0x08000307   Thumb Code     0  startup_stm32f10x_hd.o(.text)
    EXTI4_IRQHandler                         0x08000307   Thumb Code     0  startup_stm32f10x_hd.o(.text)
    EXTI9_5_IRQHandler                       0x08000307   Thumb Code     0  startup_stm32f10x_hd.o(.text)
    FLASH_IRQHandler                         0x08000307   Thumb Code     0  startup_stm32f10x_hd.o(.text)
    FSMC_IRQHandler                          0x08000307   Thumb Code     0  startup_stm32f10x_hd.o(.text)
    I2C1_ER_IRQHandler                       0x08000307   Thumb Code     0  startup_stm32f10x_hd.o(.text)
    I2C1_EV_IRQHandler                       0x08000307   Thumb Code     0  startup_stm32f10x_hd.o(.text)
    I2C2_ER_IRQHandler                       0x08000307   Thumb Code     0  startup_stm32f10x_hd.o(.text)
    I2C2_EV_IRQHandler                       0x08000307   Thumb Code     0  startup_stm32f10x_hd.o(.text)
    PVD_IRQHandler                           0x08000307   Thumb Code     0  startup_stm32f10x_hd.o(.text)
    RCC_IRQHandler                           0x08000307   Thumb Code     0  startup_stm32f10x_hd.o(.text)
    RTCAlarm_IRQHandler                      0x08000307   Thumb Code     0  startup_stm32f10x_hd.o(.text)
    RTC_IRQHandler                           0x08000307   Thumb Code     0  startup_stm32f10x_hd.o(.text)
    SDIO_IRQHandler                          0x08000307   Thumb Code     0  startup_stm32f10x_hd.o(.text)
    SPI1_IRQHandler                          0x08000307   Thumb Code     0  startup_stm32f10x_hd.o(.text)
    SPI2_IRQHandler                          0x08000307   Thumb Code     0  startup_stm32f10x_hd.o(.text)
    SPI3_IRQHandler                          0x08000307   Thumb Code     0  startup_stm32f10x_hd.o(.text)
    TAMPER_IRQHandler                        0x08000307   Thumb Code     0  startup_stm32f10x_hd.o(.text)
    TIM1_BRK_IRQHandler                      0x08000307   Thumb Code     0  startup_stm32f10x_hd.o(.text)
    TIM1_CC_IRQHandler                       0x08000307   Thumb Code     0  startup_stm32f10x_hd.o(.text)
    TIM1_TRG_COM_IRQHandler                  0x08000307   Thumb Code     0  startup_stm32f10x_hd.o(.text)
    TIM1_UP_IRQHandler                       0x08000307   Thumb Code     0  startup_stm32f10x_hd.o(.text)
    TIM2_IRQHandler                          0x08000307   Thumb Code     0  startup_stm32f10x_hd.o(.text)
    TIM3_IRQHandler                          0x08000307   Thumb Code     0  startup_stm32f10x_hd.o(.text)
    TIM4_IRQHandler                          0x08000307   Thumb Code     0  startup_stm32f10x_hd.o(.text)
    TIM5_IRQHandler                          0x08000307   Thumb Code     0  startup_stm32f10x_hd.o(.text)
    TIM6_IRQHandler                          0x08000307   Thumb Code     0  startup_stm32f10x_hd.o(.text)
    TIM7_IRQHandler                          0x08000307   Thumb Code     0  startup_stm32f10x_hd.o(.text)
    TIM8_BRK_IRQHandler                      0x08000307   Thumb Code     0  startup_stm32f10x_hd.o(.text)
    TIM8_CC_IRQHandler                       0x08000307   Thumb Code     0  startup_stm32f10x_hd.o(.text)
    TIM8_TRG_COM_IRQHandler                  0x08000307   Thumb Code     0  startup_stm32f10x_hd.o(.text)
    TIM8_UP_IRQHandler                       0x08000307   Thumb Code     0  startup_stm32f10x_hd.o(.text)
    UART4_IRQHandler                         0x08000307   Thumb Code     0  startup_stm32f10x_hd.o(.text)
    UART5_IRQHandler                         0x08000307   Thumb Code     0  startup_stm32f10x_hd.o(.text)
    USART2_IRQHandler                        0x08000307   Thumb Code     0  startup_stm32f10x_hd.o(.text)
    USART3_IRQHandler                        0x08000307   Thumb Code     0  startup_stm32f10x_hd.o(.text)
    USBWakeUp_IRQHandler                     0x08000307   Thumb Code     0  startup_stm32f10x_hd.o(.text)
    USB_HP_CAN1_TX_IRQHandler                0x08000307   Thumb Code     0  startup_stm32f10x_hd.o(.text)
    USB_LP_CAN1_RX0_IRQHandler               0x08000307   Thumb Code     0  startup_stm32f10x_hd.o(.text)
    WWDG_IRQHandler                          0x08000307   Thumb Code     0  startup_stm32f10x_hd.o(.text)
    GPIO_DeInit                              0x08000311   Thumb Code   188  stm32f10x_gpio.o(.text)
    GPIO_AFIODeInit                          0x080003cd   Thumb Code    22  stm32f10x_gpio.o(.text)
    GPIO_Init                                0x080003e3   Thumb Code   166  stm32f10x_gpio.o(.text)
    GPIO_StructInit                          0x08000489   Thumb Code    16  stm32f10x_gpio.o(.text)
    GPIO_ReadInputDataBit                    0x08000499   Thumb Code    14  stm32f10x_gpio.o(.text)
    GPIO_ReadInputData                       0x080004a7   Thumb Code     6  stm32f10x_gpio.o(.text)
    GPIO_ReadOutputDataBit                   0x080004ad   Thumb Code    14  stm32f10x_gpio.o(.text)
    GPIO_ReadOutputData                      0x080004bb   Thumb Code     6  stm32f10x_gpio.o(.text)
    GPIO_SetBits                             0x080004c1   Thumb Code     4  stm32f10x_gpio.o(.text)
    GPIO_ResetBits                           0x080004c5   Thumb Code     4  stm32f10x_gpio.o(.text)
    GPIO_WriteBit                            0x080004c9   Thumb Code    12  stm32f10x_gpio.o(.text)
    GPIO_Write                               0x080004d5   Thumb Code     4  stm32f10x_gpio.o(.text)
    GPIO_PinLockConfig                       0x080004d9   Thumb Code    16  stm32f10x_gpio.o(.text)
    GPIO_EventOutputConfig                   0x080004e9   Thumb Code    22  stm32f10x_gpio.o(.text)
    GPIO_EventOutputCmd                      0x080004ff   Thumb Code     6  stm32f10x_gpio.o(.text)
    GPIO_PinRemapConfig                      0x08000505   Thumb Code    86  stm32f10x_gpio.o(.text)
    GPIO_EXTILineConfig                      0x0800055b   Thumb Code    34  stm32f10x_gpio.o(.text)
    GPIO_ETH_MediaInterfaceConfig            0x0800057d   Thumb Code     8  stm32f10x_gpio.o(.text)
    RCC_DeInit                               0x080005a9   Thumb Code    50  stm32f10x_rcc.o(.text)
    RCC_HSEConfig                            0x080005db   Thumb Code    50  stm32f10x_rcc.o(.text)
    RCC_GetFlagStatus                        0x0800060d   Thumb Code    42  stm32f10x_rcc.o(.text)
    RCC_WaitForHSEStartUp                    0x08000637   Thumb Code    48  stm32f10x_rcc.o(.text)
    RCC_AdjustHSICalibrationValue            0x08000667   Thumb Code    16  stm32f10x_rcc.o(.text)
    RCC_HSICmd                               0x08000677   Thumb Code     6  stm32f10x_rcc.o(.text)
    RCC_PLLConfig                            0x0800067d   Thumb Code    16  stm32f10x_rcc.o(.text)
    RCC_PLLCmd                               0x0800068d   Thumb Code     6  stm32f10x_rcc.o(.text)
    RCC_SYSCLKConfig                         0x08000693   Thumb Code    14  stm32f10x_rcc.o(.text)
    RCC_GetSYSCLKSource                      0x080006a1   Thumb Code    10  stm32f10x_rcc.o(.text)
    RCC_HCLKConfig                           0x080006ab   Thumb Code    14  stm32f10x_rcc.o(.text)
    RCC_PCLK1Config                          0x080006b9   Thumb Code    14  stm32f10x_rcc.o(.text)
    RCC_PCLK2Config                          0x080006c7   Thumb Code    16  stm32f10x_rcc.o(.text)
    RCC_ITConfig                             0x080006d7   Thumb Code    22  stm32f10x_rcc.o(.text)
    RCC_USBCLKConfig                         0x080006ed   Thumb Code     8  stm32f10x_rcc.o(.text)
    RCC_ADCCLKConfig                         0x080006f5   Thumb Code    14  stm32f10x_rcc.o(.text)
    RCC_LSEConfig                            0x08000703   Thumb Code    36  stm32f10x_rcc.o(.text)
    RCC_LSICmd                               0x08000727   Thumb Code     6  stm32f10x_rcc.o(.text)
    RCC_RTCCLKConfig                         0x0800072d   Thumb Code    10  stm32f10x_rcc.o(.text)
    RCC_RTCCLKCmd                            0x08000737   Thumb Code     8  stm32f10x_rcc.o(.text)
    RCC_GetClocksFreq                        0x0800073f   Thumb Code   154  stm32f10x_rcc.o(.text)
    RCC_AHBPeriphClockCmd                    0x080007d9   Thumb Code    22  stm32f10x_rcc.o(.text)
    RCC_APB2PeriphClockCmd                   0x080007ef   Thumb Code    22  stm32f10x_rcc.o(.text)
    RCC_APB1PeriphClockCmd                   0x08000805   Thumb Code    22  stm32f10x_rcc.o(.text)
    RCC_APB2PeriphResetCmd                   0x0800081b   Thumb Code    22  stm32f10x_rcc.o(.text)
    RCC_APB1PeriphResetCmd                   0x08000831   Thumb Code    22  stm32f10x_rcc.o(.text)
    RCC_BackupResetCmd                       0x08000847   Thumb Code     8  stm32f10x_rcc.o(.text)
    RCC_ClockSecuritySystemCmd               0x0800084f   Thumb Code     6  stm32f10x_rcc.o(.text)
    RCC_MCOConfig                            0x08000855   Thumb Code     6  stm32f10x_rcc.o(.text)
    RCC_ClearFlag                            0x0800085b   Thumb Code    12  stm32f10x_rcc.o(.text)
    RCC_GetITStatus                          0x08000867   Thumb Code    16  stm32f10x_rcc.o(.text)
    RCC_ClearITPendingBit                    0x08000877   Thumb Code     6  stm32f10x_rcc.o(.text)
    NVIC_PriorityGroupConfig                 0x0800089d   Thumb Code    10  misc.o(.text)
    NVIC_Init                                0x080008a7   Thumb Code    96  misc.o(.text)
    NVIC_SetVectorTable                      0x08000907   Thumb Code    14  misc.o(.text)
    NVIC_SystemLPConfig                      0x08000915   Thumb Code    24  misc.o(.text)
    SysTick_CLKSourceConfig                  0x0800092d   Thumb Code    28  misc.o(.text)
    USART_DeInit                             0x08000955   Thumb Code   144  stm32f10x_usart.o(.text)
    USART_Init                               0x080009e5   Thumb Code   182  stm32f10x_usart.o(.text)
    USART_StructInit                         0x08000a9b   Thumb Code    22  stm32f10x_usart.o(.text)
    USART_ClockInit                          0x08000ab1   Thumb Code    30  stm32f10x_usart.o(.text)
    USART_ClockStructInit                    0x08000acf   Thumb Code    12  stm32f10x_usart.o(.text)
    USART_Cmd                                0x08000adb   Thumb Code    24  stm32f10x_usart.o(.text)
    USART_ITConfig                           0x08000af3   Thumb Code    54  stm32f10x_usart.o(.text)
    USART_DMACmd                             0x08000b29   Thumb Code    20  stm32f10x_usart.o(.text)
    USART_SetAddress                         0x08000b3d   Thumb Code    16  stm32f10x_usart.o(.text)
    USART_WakeUpConfig                       0x08000b4d   Thumb Code    16  stm32f10x_usart.o(.text)
    USART_ReceiverWakeUpCmd                  0x08000b5d   Thumb Code    24  stm32f10x_usart.o(.text)
    USART_LINBreakDetectLengthConfig         0x08000b75   Thumb Code    16  stm32f10x_usart.o(.text)
    USART_LINCmd                             0x08000b85   Thumb Code    24  stm32f10x_usart.o(.text)
    USART_SendData                           0x08000b9d   Thumb Code     8  stm32f10x_usart.o(.text)
    USART_ReceiveData                        0x08000ba5   Thumb Code     8  stm32f10x_usart.o(.text)
    USART_SendBreak                          0x08000bad   Thumb Code    10  stm32f10x_usart.o(.text)
    USART_SetGuardTime                       0x08000bb7   Thumb Code    16  stm32f10x_usart.o(.text)
    USART_SetPrescaler                       0x08000bc7   Thumb Code    16  stm32f10x_usart.o(.text)
    USART_SmartCardCmd                       0x08000bd7   Thumb Code    24  stm32f10x_usart.o(.text)
    USART_SmartCardNACKCmd                   0x08000bef   Thumb Code    24  stm32f10x_usart.o(.text)
    USART_HalfDuplexCmd                      0x08000c07   Thumb Code    24  stm32f10x_usart.o(.text)
    USART_OverSampling8Cmd                   0x08000c1f   Thumb Code    24  stm32f10x_usart.o(.text)
    USART_OneBitMethodCmd                    0x08000c37   Thumb Code    24  stm32f10x_usart.o(.text)
    USART_IrDAConfig                         0x08000c4f   Thumb Code    16  stm32f10x_usart.o(.text)
    USART_IrDACmd                            0x08000c5f   Thumb Code    24  stm32f10x_usart.o(.text)
    USART_GetFlagStatus                      0x08000c77   Thumb Code    14  stm32f10x_usart.o(.text)
    USART_ClearFlag                          0x08000c85   Thumb Code     8  stm32f10x_usart.o(.text)
    USART_GetITStatus                        0x08000c8d   Thumb Code    64  stm32f10x_usart.o(.text)
    USART_ClearITPendingBit                  0x08000ccd   Thumb Code    16  stm32f10x_usart.o(.text)
    LEDInit                                  0x08000cf1   Thumb Code    44  led.o(.text)
    LEDdisplay                               0x08000d1d   Thumb Code   198  led.o(.text)
    delay_us                                 0x08000ded   Thumb Code    34  systick.o(.text)
    delay_ms                                 0x08000e0f   Thumb Code    36  systick.o(.text)
    USART1_Init                              0x08000e35   Thumb Code   152  usart.o(.text)
    USART1_SendChar                          0x08000ecd   Thumb Code    30  usart.o(.text)
    USART1_SendString                        0x08000eeb   Thumb Code    20  usart.o(.text)
    fputc                                    0x08000eff   Thumb Code    14  usart.o(.text)
    USART1_GetChar                           0x08000f0d   Thumb Code    36  usart.o(.text)
    USART1_IRQHandler                        0x08000f31   Thumb Code    64  usart.o(.text)
    shellExtParsePara                        0x08001173   Thumb Code   100  shell_ext.o(.text)
    shellExtRun                              0x080011d7   Thumb Code   200  shell_ext.o(.text)
    userShellWrite                           0x080012a1   Thumb Code    28  shell_port.o(.text)
    userShellRead                            0x080012bd   Thumb Code    30  shell_port.o(.text)
    userShellInit                            0x080012db   Thumb Code    26  shell_port.o(.text)
    shellWriteString                         0x08001359   Thumb Code    40  shell.o(.text)
    shellToHex                               0x080013cb   Thumb Code    42  shell.o(.text)
    shellCheckPermission                     0x08001431   Thumb Code    50  shell.o(.text)
    shellSeekCommand                         0x08001463   Thumb Code   116  shell.o(.text)
    shellSetUser                             0x080014d7   Thumb Code    88  shell.o(.text)
    shellInit                                0x0800154b   Thumb Code   116  shell.o(.text)
    shellRemove                              0x080015bf   Thumb Code    32  shell.o(.text)
    shellGetCurrent                          0x080015df   Thumb Code    38  shell.o(.text)
    shellPrint                               0x0800165d   Thumb Code    50  shell.o(.text)
    shellToDec                               0x0800168f   Thumb Code    82  shell.o(.text)
    shellListItem                            0x08001727   Thumb Code   244  shell.o(.text)
    shellListCommand                         0x0800181b   Thumb Code    70  shell.o(.text)
    shellListVar                             0x08001861   Thumb Code    70  shell.o(.text)
    shellListUser                            0x080018a7   Thumb Code    72  shell.o(.text)
    shellListKey                             0x080018ef   Thumb Code    72  shell.o(.text)
    shellListAll                             0x08001937   Thumb Code     2  shell.o(.text)
    shellDeleteCommandLine                   0x08001939   Thumb Code    24  shell.o(.text)
    shellClearCommandLine                    0x08001951   Thumb Code    40  shell.o(.text)
    shellInsertByte                          0x08001979   Thumb Code   208  shell.o(.text)
    shellDeleteByte                          0x08001a49   Thumb Code   188  shell.o(.text)
    shellSplit                               0x08001b05   Thumb Code   240  shell.o(.text)
    shellGetVarValue                         0x08001c4f   Thumb Code    62  shell.o(.text)
    shellSetVarValue                         0x08001d29   Thumb Code   116  shell.o(.text)
    shellSetVar                              0x08001d9d   Thumb Code    92  shell.o(.text)
    shellRunCommand                          0x08001e5d   Thumb Code   144  shell.o(.text)
    shellNormalInput                         0x0800202f   Thumb Code    14  shell.o(.text)
    shellExec                                0x0800203d   Thumb Code   148  shell.o(.text)
    shellUp                                  0x080020d1   Thumb Code     4  shell.o(.text)
    shellDown                                0x080020d5   Thumb Code     6  shell.o(.text)
    shellRight                               0x080020db   Thumb Code    22  shell.o(.text)
    shellLeft                                0x080020f1   Thumb Code    26  shell.o(.text)
    shellTab                                 0x0800210b   Thumb Code   248  shell.o(.text)
    shellBackspace                           0x08002203   Thumb Code     4  shell.o(.text)
    shellDelete                              0x08002207   Thumb Code     6  shell.o(.text)
    shellEnter                               0x0800220d   Thumb Code    22  shell.o(.text)
    shellHelp                                0x0800227f   Thumb Code    38  shell.o(.text)
    shellHandler                             0x080022a5   Thumb Code   196  shell.o(.text)
    shellTask                                0x08002369   Thumb Code    32  shell.o(.text)
    shellUsers                               0x08002389   Thumb Code    20  shell.o(.text)
    shellCmds                                0x0800239d   Thumb Code    20  shell.o(.text)
    shellVars                                0x080023b1   Thumb Code    20  shell.o(.text)
    shellKeys                                0x080023c5   Thumb Code    20  shell.o(.text)
    shellClear                               0x080023d9   Thumb Code    24  shell.o(.text)
    shellRun                                 0x080023f1   Thumb Code    88  shell.o(.text)
    __aeabi_memset                           0x08002451   Thumb Code    14  memseta.o(.text)
    __aeabi_memset4                          0x08002451   Thumb Code     0  memseta.o(.text)
    __aeabi_memset8                          0x08002451   Thumb Code     0  memseta.o(.text)
    __aeabi_memclr                           0x0800245f   Thumb Code     4  memseta.o(.text)
    __aeabi_memclr4                          0x0800245f   Thumb Code     0  memseta.o(.text)
    __aeabi_memclr8                          0x0800245f   Thumb Code     0  memseta.o(.text)
    _memset$wrapper                          0x08002463   Thumb Code    18  memseta.o(.text)
    strlen                                   0x08002475   Thumb Code    14  strlen.o(.text)
    strcmp                                   0x08002483   Thumb Code    28  strcmp.o(.text)
    strncmp                                  0x0800249f   Thumb Code    30  strncmp.o(.text)
    __aeabi_fmul                             0x080024bd   Thumb Code   100  fmul.o(.text)
    __aeabi_fdiv                             0x08002521   Thumb Code   124  fdiv.o(.text)
    __aeabi_i2f                              0x0800259d   Thumb Code    18  fflti.o(.text)
    __aeabi_ui2f                             0x080025af   Thumb Code    10  ffltui.o(.text)
    __aeabi_uidiv                            0x080025b9   Thumb Code     0  uidiv.o(.text)
    __aeabi_uidivmod                         0x080025b9   Thumb Code    44  uidiv.o(.text)
    __aeabi_uldivmod                         0x080025e5   Thumb Code    98  uldiv.o(.text)
    __I$use$fp                               0x08002647   Thumb Code     0  iusefp.o(.text)
    _float_round                             0x08002647   Thumb Code    18  fepilogue.o(.text)
    _float_epilogue                          0x08002659   Thumb Code    92  fepilogue.o(.text)
    __aeabi_dadd                             0x080026b5   Thumb Code   322  dadd.o(.text)
    __aeabi_dsub                             0x080027f7   Thumb Code     6  dadd.o(.text)
    __aeabi_drsub                            0x080027fd   Thumb Code     6  dadd.o(.text)
    __aeabi_dmul                             0x08002803   Thumb Code   228  dmul.o(.text)
    __aeabi_ddiv                             0x080028e7   Thumb Code   222  ddiv.o(.text)
    __aeabi_d2ulz                            0x080029c5   Thumb Code    48  dfixul.o(.text)
    __aeabi_cdrcmple                         0x080029f5   Thumb Code    48  cdrcmple.o(.text)
    __scatterload                            0x08002a25   Thumb Code    28  init.o(.text)
    __scatterload_rt2                        0x08002a25   Thumb Code     0  init.o(.text)
    __aeabi_llsl                             0x08002a49   Thumb Code    30  llshl.o(.text)
    _ll_shift_l                              0x08002a49   Thumb Code     0  llshl.o(.text)
    __aeabi_llsr                             0x08002a67   Thumb Code    32  llushr.o(.text)
    _ll_ushift_r                             0x08002a67   Thumb Code     0  llushr.o(.text)
    __aeabi_lasr                             0x08002a87   Thumb Code    36  llsshr.o(.text)
    _ll_sshift_r                             0x08002a87   Thumb Code     0  llsshr.o(.text)
    _double_round                            0x08002aab   Thumb Code    30  depilogue.o(.text)
    _double_epilogue                         0x08002ac9   Thumb Code   156  depilogue.o(.text)
    __0printf                                0x08002b65   Thumb Code    22  printfa.o(i.__0printf)
    __1printf                                0x08002b65   Thumb Code     0  printfa.o(i.__0printf)
    __2printf                                0x08002b65   Thumb Code     0  printfa.o(i.__0printf)
    __c89printf                              0x08002b65   Thumb Code     0  printfa.o(i.__0printf)
    printf                                   0x08002b65   Thumb Code     0  printfa.o(i.__0printf)
    __0vsnprintf                             0x08002b85   Thumb Code    46  printfa.o(i.__0vsnprintf)
    __1vsnprintf                             0x08002b85   Thumb Code     0  printfa.o(i.__0vsnprintf)
    __2vsnprintf                             0x08002b85   Thumb Code     0  printfa.o(i.__0vsnprintf)
    __c89vsnprintf                           0x08002b85   Thumb Code     0  printfa.o(i.__0vsnprintf)
    vsnprintf                                0x08002b85   Thumb Code     0  printfa.o(i.__0vsnprintf)
    __scatterload_copy                       0x08002bb9   Thumb Code    14  handlers.o(i.__scatterload_copy)
    __scatterload_null                       0x08002bc7   Thumb Code     2  handlers.o(i.__scatterload_null)
    __scatterload_zeroinit                   0x08002bc9   Thumb Code    14  handlers.o(i.__scatterload_zeroinit)
    shellCmddemo                             0x08003478   Data           5  cmd_demo.o(.constdata)
    shellDescdemo                            0x0800347d   Data          13  cmd_demo.o(.constdata)
    shellCmdled                              0x0800348a   Data           4  cmd_demo.o(.constdata)
    shellDescled                             0x0800348e   Data           9  cmd_demo.o(.constdata)
    shellCmdecho                             0x08003497   Data           5  cmd_demo.o(.constdata)
    shellDescecho                            0x0800349c   Data          22  cmd_demo.o(.constdata)
    shellCmdDefaultUser                      0x080034b2   Data           5  shell.o(.constdata)
    shellPasswordDefaultUser                 0x080034b7   Data           4  shell.o(.constdata)
    shellDesDefaultUser                      0x080034bb   Data          13  shell.o(.constdata)
    shellCmdsetVar                           0x080034c8   Data           7  shell.o(.constdata)
    shellDescsetVar                          0x080034cf   Data           8  shell.o(.constdata)
    shellDesc0x1B5B4100                      0x080034d7   Data           3  shell.o(.constdata)
    shellDesc0x1B5B4200                      0x080034da   Data           5  shell.o(.constdata)
    shellDesc0x1B5B4300                      0x080034df   Data           6  shell.o(.constdata)
    shellDesc0x1B5B4400                      0x080034e5   Data           5  shell.o(.constdata)
    shellDesc0x09000000                      0x080034ea   Data           4  shell.o(.constdata)
    shellDesc0x08000000                      0x080034ee   Data          10  shell.o(.constdata)
    shellDesc0x7F000000                      0x080034f8   Data          10  shell.o(.constdata)
    shellDesc0x1B5B337E                      0x08003502   Data           7  shell.o(.constdata)
    shellDesc0x0A000000                      0x08003509   Data           6  shell.o(.constdata)
    shellDesc0x0D000000                      0x0800350f   Data           6  shell.o(.constdata)
    shellCmdhelp                             0x08003515   Data           5  shell.o(.constdata)
    shellDeschelp                            0x0800351a   Data          30  shell.o(.constdata)
    shellCmdusers                            0x08003538   Data           6  shell.o(.constdata)
    shellDescusers                           0x0800353e   Data          14  shell.o(.constdata)
    shellCmdcmds                             0x0800354c   Data           5  shell.o(.constdata)
    shellDesccmds                            0x08003551   Data          13  shell.o(.constdata)
    shellCmdvars                             0x0800355e   Data           5  shell.o(.constdata)
    shellDescvars                            0x08003563   Data          13  shell.o(.constdata)
    shellCmdkeys                             0x08003570   Data           5  shell.o(.constdata)
    shellDesckeys                            0x08003575   Data          13  shell.o(.constdata)
    shellCmdclear                            0x08003582   Data           6  shell.o(.constdata)
    shellDescclear                           0x08003588   Data          14  shell.o(.constdata)
    Region$$Table$$Base                      0x08003878   Number         0  anon$$obj.o(Region$$Table)
    Region$$Table$$Limit                     0x08003898   Number         0  anon$$obj.o(Region$$Table)
    shellCommand$$Base                       0x08003898   Number         0  cmd_demo.o(shellCommand)
    shellCommanddemo                         0x08003898   Data          16  cmd_demo.o(shellCommand)
    shellCommandled                          0x080038a8   Data          16  cmd_demo.o(shellCommand)
    shellCommandecho                         0x080038b8   Data          16  cmd_demo.o(shellCommand)
    shellUserDefault                         0x080038c8   Data          16  shell.o(shellCommand)
    shellCommandsetVar                       0x080038d8   Data          16  shell.o(shellCommand)
    shellKey0x1B5B4100                       0x080038e8   Data          16  shell.o(shellCommand)
    shellKey0x1B5B4200                       0x080038f8   Data          16  shell.o(shellCommand)
    shellKey0x1B5B4300                       0x08003908   Data          16  shell.o(shellCommand)
    shellKey0x1B5B4400                       0x08003918   Data          16  shell.o(shellCommand)
    shellKey0x09000000                       0x08003928   Data          16  shell.o(shellCommand)
    shellKey0x08000000                       0x08003938   Data          16  shell.o(shellCommand)
    shellKey0x7F000000                       0x08003948   Data          16  shell.o(shellCommand)
    shellKey0x1B5B337E                       0x08003958   Data          16  shell.o(shellCommand)
    shellKey0x0A000000                       0x08003968   Data          16  shell.o(shellCommand)
    shellKey0x0D000000                       0x08003978   Data          16  shell.o(shellCommand)
    shellCommandhelp                         0x08003988   Data          16  shell.o(shellCommand)
    shellCommandusers                        0x08003998   Data          16  shell.o(shellCommand)
    shellCommandcmds                         0x080039a8   Data          16  shell.o(shellCommand)
    shellCommandvars                         0x080039b8   Data          16  shell.o(shellCommand)
    shellCommandkeys                         0x080039c8   Data          16  shell.o(shellCommand)
    shellCommandclear                        0x080039d8   Data          16  shell.o(shellCommand)
    shellCommand$$Limit                      0x080039e8   Number         0  shell.o(shellCommand)
    g_task_abort                             0x20000000   Data           1  main.o(.data)
    SystemCoreClock                          0x20000004   Data           4  system_stm32f10x.o(.data)
    AHBPrescTable                            0x20000008   Data          16  system_stm32f10x.o(.data)
    pairedChars                              0x20000030   Data           2  shell.o(.data)
    __stdout                                 0x20000088   Data           4  stdout.o(.data)
    shell                                    0x2000010c   Data         120  shell_port.o(.bss)
    __initial_sp                             0x200007a8   Data           0  startup_stm32f10x_hd.o(STACK)



==============================================================================

Memory Map of the image

  Image Entry point : 0x08000131

  Load Region LR_IROM1 (Base: 0x08000000, Size: 0x00003a74, Max: 0x00080000, ABSOLUTE)

    Execution Region ER_IROM1 (Exec base: 0x08000000, Load base: 0x08000000, Size: 0x000039e8, Max: 0x00080000, ABSOLUTE)

    Exec Addr    Load Addr    Size         Type   Attr      Idx    E Section Name        Object

    0x08000000   0x08000000   0x00000130   Data   RO          202    RESET               startup_stm32f10x_hd.o
    0x08000130   0x08000130   0x00000000   Code   RO          472  * .ARM.Collect$$$$00000000  mc_w.l(entry.o)
    0x08000130   0x08000130   0x00000004   Code   RO          752    .ARM.Collect$$$$00000001  mc_w.l(entry2.o)
    0x08000134   0x08000134   0x00000004   Code   RO          755    .ARM.Collect$$$$00000004  mc_w.l(entry5.o)
    0x08000138   0x08000138   0x00000000   Code   RO          757    .ARM.Collect$$$$00000008  mc_w.l(entry7b.o)
    0x08000138   0x08000138   0x00000000   Code   RO          759    .ARM.Collect$$$$0000000A  mc_w.l(entry8b.o)
    0x08000138   0x08000138   0x00000008   Code   RO          760    .ARM.Collect$$$$0000000B  mc_w.l(entry9a.o)
    0x08000140   0x08000140   0x00000004   Code   RO          767    .ARM.Collect$$$$0000000E  mc_w.l(entry12b.o)
    0x08000144   0x08000144   0x00000000   Code   RO          762    .ARM.Collect$$$$0000000F  mc_w.l(entry10a.o)
    0x08000144   0x08000144   0x00000000   Code   RO          764    .ARM.Collect$$$$00000011  mc_w.l(entry11a.o)
    0x08000144   0x08000144   0x00000004   Code   RO          753    .ARM.Collect$$$$00002712  mc_w.l(entry2.o)
    0x08000148   0x08000148   0x0000001c   Code   RO            1    .text               main.o
    0x08000164   0x08000164   0x00000012   Code   RO          136    .text               stm32f10x_it.o
    0x08000176   0x08000176   0x00000002   PAD
    0x08000178   0x08000178   0x00000174   Code   RO          163    .text               system_stm32f10x.o
    0x080002ec   0x080002ec   0x00000024   Code   RO          203    .text               startup_stm32f10x_hd.o
    0x08000310   0x08000310   0x00000298   Code   RO          207    .text               stm32f10x_gpio.o
    0x080005a8   0x080005a8   0x000002f4   Code   RO          219    .text               stm32f10x_rcc.o
    0x0800089c   0x0800089c   0x000000b8   Code   RO          245    .text               misc.o
    0x08000954   0x08000954   0x0000039c   Code   RO          269    .text               stm32f10x_usart.o
    0x08000cf0   0x08000cf0   0x000000fc   Code   RO          281    .text               led.o
    0x08000dec   0x08000dec   0x00000046   Code   RO          297    .text               systick.o
    0x08000e32   0x08000e32   0x00000002   PAD
    0x08000e34   0x08000e34   0x00000150   Code   RO          312    .text               usart.o
    0x08000f84   0x08000f84   0x0000031a   Code   RO          351    .text               shell_ext.o
    0x0800129e   0x0800129e   0x00000002   PAD
    0x080012a0   0x080012a0   0x00000058   Code   RO          372    .text               shell_port.o
    0x080012f8   0x080012f8   0x00000060   Code   RO          390    .text               cmd_demo.o
    0x08001358   0x08001358   0x000010f8   Code   RO          413    .text               shell.o
    0x08002450   0x08002450   0x00000024   Code   RO          475    .text               mc_w.l(memseta.o)
    0x08002474   0x08002474   0x0000000e   Code   RO          477    .text               mc_w.l(strlen.o)
    0x08002482   0x08002482   0x0000001c   Code   RO          479    .text               mc_w.l(strcmp.o)
    0x0800249e   0x0800249e   0x0000001e   Code   RO          481    .text               mc_w.l(strncmp.o)
    0x080024bc   0x080024bc   0x00000064   Code   RO          744    .text               mf_w.l(fmul.o)
    0x08002520   0x08002520   0x0000007c   Code   RO          746    .text               mf_w.l(fdiv.o)
    0x0800259c   0x0800259c   0x00000012   Code   RO          748    .text               mf_w.l(fflti.o)
    0x080025ae   0x080025ae   0x0000000a   Code   RO          750    .text               mf_w.l(ffltui.o)
    0x080025b8   0x080025b8   0x0000002c   Code   RO          769    .text               mc_w.l(uidiv.o)
    0x080025e4   0x080025e4   0x00000062   Code   RO          771    .text               mc_w.l(uldiv.o)
    0x08002646   0x08002646   0x00000000   Code   RO          773    .text               mc_w.l(iusefp.o)
    0x08002646   0x08002646   0x0000006e   Code   RO          774    .text               mf_w.l(fepilogue.o)
    0x080026b4   0x080026b4   0x0000014e   Code   RO          776    .text               mf_w.l(dadd.o)
    0x08002802   0x08002802   0x000000e4   Code   RO          778    .text               mf_w.l(dmul.o)
    0x080028e6   0x080028e6   0x000000de   Code   RO          780    .text               mf_w.l(ddiv.o)
    0x080029c4   0x080029c4   0x00000030   Code   RO          782    .text               mf_w.l(dfixul.o)
    0x080029f4   0x080029f4   0x00000030   Code   RO          784    .text               mf_w.l(cdrcmple.o)
    0x08002a24   0x08002a24   0x00000024   Code   RO          786    .text               mc_w.l(init.o)
    0x08002a48   0x08002a48   0x0000001e   Code   RO          788    .text               mc_w.l(llshl.o)
    0x08002a66   0x08002a66   0x00000020   Code   RO          790    .text               mc_w.l(llushr.o)
    0x08002a86   0x08002a86   0x00000024   Code   RO          792    .text               mc_w.l(llsshr.o)
    0x08002aaa   0x08002aaa   0x000000ba   Code   RO          794    .text               mf_w.l(depilogue.o)
    0x08002b64   0x08002b64   0x00000020   Code   RO          716    i.__0printf         mc_w.l(printfa.o)
    0x08002b84   0x08002b84   0x00000034   Code   RO          721    i.__0vsnprintf      mc_w.l(printfa.o)
    0x08002bb8   0x08002bb8   0x0000000e   Code   RO          798    i.__scatterload_copy  mc_w.l(handlers.o)
    0x08002bc6   0x08002bc6   0x00000002   Code   RO          799    i.__scatterload_null  mc_w.l(handlers.o)
    0x08002bc8   0x08002bc8   0x0000000e   Code   RO          800    i.__scatterload_zeroinit  mc_w.l(handlers.o)
    0x08002bd6   0x08002bd6   0x00000002   PAD
    0x08002bd8   0x08002bd8   0x00000184   Code   RO          723    i._fp_digits        mc_w.l(printfa.o)
    0x08002d5c   0x08002d5c   0x000006b4   Code   RO          724    i._printf_core      mc_w.l(printfa.o)
    0x08003410   0x08003410   0x00000024   Code   RO          725    i._printf_post_padding  mc_w.l(printfa.o)
    0x08003434   0x08003434   0x0000002e   Code   RO          726    i._printf_pre_padding  mc_w.l(printfa.o)
    0x08003462   0x08003462   0x00000016   Code   RO          727    i._snputc           mc_w.l(printfa.o)
    0x08003478   0x08003478   0x00000005   Data   RO          391    .constdata          cmd_demo.o
    0x0800347d   0x0800347d   0x0000000d   Data   RO          392    .constdata          cmd_demo.o
    0x0800348a   0x0800348a   0x00000004   Data   RO          393    .constdata          cmd_demo.o
    0x0800348e   0x0800348e   0x00000009   Data   RO          394    .constdata          cmd_demo.o
    0x08003497   0x08003497   0x00000005   Data   RO          395    .constdata          cmd_demo.o
    0x0800349c   0x0800349c   0x00000016   Data   RO          396    .constdata          cmd_demo.o
    0x080034b2   0x080034b2   0x00000005   Data   RO          415    .constdata          shell.o
    0x080034b7   0x080034b7   0x00000004   Data   RO          416    .constdata          shell.o
    0x080034bb   0x080034bb   0x0000000d   Data   RO          417    .constdata          shell.o
    0x080034c8   0x080034c8   0x00000007   Data   RO          418    .constdata          shell.o
    0x080034cf   0x080034cf   0x00000008   Data   RO          419    .constdata          shell.o
    0x080034d7   0x080034d7   0x00000003   Data   RO          420    .constdata          shell.o
    0x080034da   0x080034da   0x00000005   Data   RO          421    .constdata          shell.o
    0x080034df   0x080034df   0x00000006   Data   RO          422    .constdata          shell.o
    0x080034e5   0x080034e5   0x00000005   Data   RO          423    .constdata          shell.o
    0x080034ea   0x080034ea   0x00000004   Data   RO          424    .constdata          shell.o
    0x080034ee   0x080034ee   0x0000000a   Data   RO          425    .constdata          shell.o
    0x080034f8   0x080034f8   0x0000000a   Data   RO          426    .constdata          shell.o
    0x08003502   0x08003502   0x00000007   Data   RO          427    .constdata          shell.o
    0x08003509   0x08003509   0x00000006   Data   RO          428    .constdata          shell.o
    0x0800350f   0x0800350f   0x00000006   Data   RO          429    .constdata          shell.o
    0x08003515   0x08003515   0x00000005   Data   RO          430    .constdata          shell.o
    0x0800351a   0x0800351a   0x0000001e   Data   RO          431    .constdata          shell.o
    0x08003538   0x08003538   0x00000006   Data   RO          432    .constdata          shell.o
    0x0800353e   0x0800353e   0x0000000e   Data   RO          433    .constdata          shell.o
    0x0800354c   0x0800354c   0x00000005   Data   RO          434    .constdata          shell.o
    0x08003551   0x08003551   0x0000000d   Data   RO          435    .constdata          shell.o
    0x0800355e   0x0800355e   0x00000005   Data   RO          436    .constdata          shell.o
    0x08003563   0x08003563   0x0000000d   Data   RO          437    .constdata          shell.o
    0x08003570   0x08003570   0x00000005   Data   RO          438    .constdata          shell.o
    0x08003575   0x08003575   0x0000000d   Data   RO          439    .constdata          shell.o
    0x08003582   0x08003582   0x00000006   Data   RO          440    .constdata          shell.o
    0x08003588   0x08003588   0x0000000e   Data   RO          441    .constdata          shell.o
    0x08003596   0x08003596   0x00000002   PAD
    0x08003598   0x08003598   0x000002dd   Data   RO          442    .conststring        shell.o
    0x08003875   0x08003875   0x00000003   PAD
    0x08003878   0x08003878   0x00000020   Data   RO          796    Region$$Table       anon$$obj.o
    0x08003898   0x08003898   0x00000030   Data   RO          397    shellCommand        cmd_demo.o
    0x080038c8   0x080038c8   0x00000120   Data   RO          444    shellCommand        shell.o


    Execution Region RW_IRAM1 (Exec base: 0x20000000, Load base: 0x080039e8, Size: 0x000007a8, Max: 0x00010000, ABSOLUTE)

    Exec Addr    Load Addr    Size         Type   Attr      Idx    E Section Name        Object

    0x20000000   0x080039e8   0x00000001   Data   RW            2    .data               main.o
    0x20000001   0x080039e9   0x00000003   PAD
    0x20000004   0x080039ec   0x00000014   Data   RW          164    .data               system_stm32f10x.o
    0x20000018   0x08003a00   0x00000014   Data   RW          220    .data               stm32f10x_rcc.o
    0x2000002c   0x08003a14   0x00000004   Data   RW          314    .data               usart.o
    0x20000030   0x08003a18   0x00000058   Data   RW          443    .data               shell.o
    0x20000088   0x08003a70   0x00000004   Data   RW          768    .data               mc_w.l(stdout.o)
    0x2000008c        -       0x00000080   Zero   RW          313    .bss                usart.o
    0x2000010c        -       0x00000278   Zero   RW          373    .bss                shell_port.o
    0x20000384        -       0x0000001d   Zero   RW          414    .bss                shell.o
    0x200003a1   0x08003a74   0x00000007   PAD
    0x200003a8        -       0x00000400   Zero   RW          200    STACK               startup_stm32f10x_hd.o


==============================================================================

Image component sizes


      Code (inc. data)   RO Data    RW Data    ZI Data      Debug   Object Name

        96         26        106          0          0       1779   cmd_demo.o
         0          0          0          0          0         32   core_cm3.o
       252         10          0          0          0        809   led.o
        28          4          0          1          0     234946   main.o
       184         12          0          0          0       2009   misc.o
      4344        122       1249         88         29      23449   shell.o
         0          0          0          0          0       4372   shell_cmd_list.o
       794          8          0          0          0       5876   shell_ext.o
        88          4          0          0        632       1505   shell_port.o
        36          8        304          0       1024        772   startup_stm32f10x_hd.o
       664         36          0          0          0       6289   stm32f10x_gpio.o
        18          0          0          0          0       1166   stm32f10x_it.o
       756         32          0         20          0       9416   stm32f10x_rcc.o
       924         20          0          0          0       9248   stm32f10x_usart.o
       372         34          0         20          0       2019   system_stm32f10x.o
        70          0          0          0          0        652   systick.o
       336         20          0          4        128       2395   usart.o

    ----------------------------------------------------------------------
      8968        336       1696        136       1820     306734   Object Totals
         0          0         32          0          0          0   (incl. Generated)
         6          0          5          3          7          0   (incl. Padding)

    ----------------------------------------------------------------------

      Code (inc. data)   RO Data    RW Data    ZI Data      Debug   Library Member Name

         0          0          0          0          0          0   entry.o
         0          0          0          0          0          0   entry10a.o
         0          0          0          0          0          0   entry11a.o
         4          0          0          0          0          0   entry12b.o
         8          4          0          0          0          0   entry2.o
         4          0          0          0          0          0   entry5.o
         0          0          0          0          0          0   entry7b.o
         0          0          0          0          0          0   entry8b.o
         8          4          0          0          0          0   entry9a.o
        30          0          0          0          0          0   handlers.o
        36          8          0          0          0         68   init.o
         0          0          0          0          0          0   iusefp.o
        30          0          0          0          0         68   llshl.o
        36          0          0          0          0         68   llsshr.o
        32          0          0          0          0         68   llushr.o
        36          0          0          0          0        108   memseta.o
      2292         96          0          0          0        612   printfa.o
         0          0          0          4          0          0   stdout.o
        28          0          0          0          0         76   strcmp.o
        14          0          0          0          0         68   strlen.o
        30          0          0          0          0         80   strncmp.o
        44          0          0          0          0         80   uidiv.o
        98          0          0          0          0         92   uldiv.o
        48          0          0          0          0         68   cdrcmple.o
       334          0          0          0          0        148   dadd.o
       222          0          0          0          0        100   ddiv.o
       186          0          0          0          0        176   depilogue.o
        48          0          0          0          0         68   dfixul.o
       228          0          0          0          0         96   dmul.o
       124          0          0          0          0         88   fdiv.o
       110          0          0          0          0        168   fepilogue.o
        18          0          0          0          0         68   fflti.o
        10          0          0          0          0         68   ffltui.o
       100          0          0          0          0         76   fmul.o

    ----------------------------------------------------------------------
      4160        112          0          4          0       2512   Library Totals
         2          0          0          0          0          0   (incl. Padding)

    ----------------------------------------------------------------------

      Code (inc. data)   RO Data    RW Data    ZI Data      Debug   Library Name

      2730        112          0          4          0       1388   mc_w.l
      1428          0          0          0          0       1124   mf_w.l

    ----------------------------------------------------------------------
      4160        112          0          4          0       2512   Library Totals

    ----------------------------------------------------------------------

==============================================================================


      Code (inc. data)   RO Data    RW Data    ZI Data      Debug   

     13128        448       1696        140       1820     306954   Grand Totals
     13128        448       1696        140       1820     306954   ELF Image Totals
     13128        448       1696        140          0          0   ROM Totals

==============================================================================

    Total RO  Size (Code + RO Data)                14824 (  14.48kB)
    Total RW  Size (RW Data + ZI Data)              1960 (   1.91kB)
    Total ROM Size (Code + RO Data + RW Data)      14964 (  14.61kB)

==============================================================================

